
Check current Timezone

# timedatectl
# timedatectl list-timezones
# sudo timedatectl set-timezone Asia/Ho_Chi_Minh
# cat /etc/timezone
### Setting up Static IP address on Ubuntu Server 22.04

$ cat 00-installer-config.yaml
$ sudo vi 00-installer-config.yaml
# This is the network config written by 'subiquity'
network:
  renderer: networkd
  ethernets:
    ens33:
      addresses:
        - 192.168.1.247/24
      nameservers:
        addresses: [8.8.8.8, 1.1.1.1]
      routes:
        - to: default
          via: 192.168.1.1
  version: 2
  
$ ip addr show ens33
To view the default route, run
$ ip route show 

Lab Setup
Bind Server IP (Ubuntu 22.04)  = 192.168.252.3
Domain Name = ditech.local
Private Network = 192.168.252.0/24

### Step 1) Install Bind 9 Package
# sudo apt update
# sudo apt install -y bind9 bind9utils bind9-doc dnsutils
### Step 2) Configure Bind 9 (DNS Server)

$ sudo vi /etc/bind/named.conf.options

acl internal-network {
192.168.252.0/24;
};
options {
        directory "/var/cache/bind";
        allow-query { localhost; internal-network; };
        allow-transfer { localhost; };
        forwarders { 8.8.8.8; };
        recursion yes;
        dnssec-validation auto;
        listen-on-v6 { any; };
};

### Next Important Configuration file is “/etc/bind/named.conf.local“, in this file we will define the zone files for our domain, edit the file add the following entries:
$ cd /etc/bind
$ sudo vi named.conf.local
zone "ditech.local" IN {
        type master;
        file "/etc/bind/forward.ditech.local";
        allow-update { none; };
};
zone "0.168.192.in-addr.arpa" IN {
        type master;
        file "/etc/bind/reverse.ditech.local";
        allow-update { none; };
};

### Firstly create the forward lookup zone file, Sample zone files (db.local) are already there in ‘/etc/bind’ folder, we can use and copy sample zone file,

$ cd /etc/bind
$ sudo cp db.local forward.ditech.local
$ sudo vi forward.ditech.local
$TTL 604800
@ IN SOA mailserver.ditech.local. root.mailserver.ditech.local. (
         2022072651 ; Serial
         3600 ; Refresh
         1800 ; Retry
         604800 ; Expire
         604600 ) ; Negative Cache TTL
;Name Server Information
@ IN NS mailserver.ditech.local.

;IP address of Your Domain Name Server(DNS)
mailserver IN A 192.168.252.3
;Mail Server MX (Mail exchanger) Record
ditech.local. IN MX 10 mail.ditech.local.
;A Record for Host names
@ IN A 192.168.252.3
www IN A 192.168.252.3
mail IN A 192.168.252.3
;CNAME Record
ftp IN CNAME www.ditech.local.

### Next we will create a reverse lookup zone file at the same location,sample reverse lookup zone file is present at ‘/etc/bind‘ folder.

$ sudo cp db.127 reverse.ditech.local
$ sudo vi /etc/bind/reverse.ditech.local
$TTL 86400
@ IN SOA ditech.local. root.ditech.local. (
         2022072752 ;Serial
         3600 ;Refresh
         1800 ;Retry
         604800 ;Expire
         86400 ;Minimum TTL
)
;Your Name Server Info
@ IN NS mailserver.ditech.local.
mailserver IN A 192.168.0.40
;Reverse Lookup for Your DNS Server
40 IN PTR mailserver.ditech.local.
;PTR Record IP address to HostName
50 IN PTR www.ditech.local.
60 IN PTR mail.ditech.local.

##Update the following parameter in ‘/etc/default/named ‘ file, so that dns service starts listening on IPv4

OPTIONS="-u bind -4"
## Now all we have to do is to start and enable the BIND service to implement the changes made,

$ sudo systemctl start named
$ sudo systemctl enable named
View the bind service status, run
$ sudo systemctl status named

Note : In case OS firewall is running on your bind server then execute the below command to allow 53 port

$ sudo ufw allow 53
Rule added
Rule added (v6)
$
### Step 3) Validating Syntax of bind configuration and Zone files
$ sudo named-checkconf /etc/bind/named.conf.local

### To cross verify the syntax your forward and reverse lookup zone files , use the command “named-checkzone”, example is shown below:

$ sudo named-checkzone ditech.local /etc/bind/forward.ditech.local
zone ditech.local/IN: loaded serial 2022072651
OK
$
$ sudo named-checkzone ditech.local /etc/bind/reverse.ditech.local
zone ditech.local/IN: loaded serial 2022072752
OK

### Step 4) Test DNS server with dig & nslookup
$ sudo vi /etc/resolv.conf
search ditech.local
nameserver 192.168.252.3

### Save the file & exit. We now have our client ready with DNS pointing to our server. We will now use a CLI tool called ‘dig‘ command , which is used to get find out DNS & its related information. Execute the following command from terminal,
$ dig mailserver.ditech.local

### This output shows that our DNS is working fine.
### Let’s do reverse lookup query(PTR):
$ dig -x 192.168.252.3
$ nslookup mailserver.ditech.local
### Note:  While running dig command, if you get ‘command not found’ error than we need to install ‘dnsutils‘ package as dig command is part of ‘dnsutils’ package,
$ sudo apt install dnsutils -y